egor@acer:~/OTUS/zfs_hw4$ vagrant up server
Bringing machine 'server' up with 'virtualbox' provider...
==> server: Importing base box 'bento/centos-8'...
==> server: Matching MAC address for NAT networking...
==> server: Checking if box 'bento/centos-8' version '202112.19.0' is up to date...
==> server: Setting the name of the VM: zfs_hw4_server_1644747917832_84557
==> server: Clearing any previously set network interfaces...
==> server: Preparing network interfaces based on configuration...
    server: Adapter 1: nat
    server: Adapter 2: hostonly
==> server: Forwarding ports...
    server: 22 (guest) => 2222 (host) (adapter 1)
==> server: Running 'pre-boot' VM customizations...
==> server: Booting VM...
==> server: Waiting for machine to boot. This may take a few minutes...
    server: SSH address: 127.0.0.1:2222
    server: SSH username: vagrant
    server: SSH auth method: private key
    server: 
    server: Vagrant insecure key detected. Vagrant will automatically replace
    server: this with a newly generated keypair for better security.
    server: 
    server: Inserting generated public key within guest...
    server: Removing insecure key from the guest if it's present...
    server: Key inserted! Disconnecting and reconnecting using new SSH key...
==> server: Machine booted and ready!
==> server: Checking for guest additions in VM...
==> server: Setting hostname...
==> server: Configuring and enabling network interfaces...
==> server: Mounting shared folders...
    server: /vagrant => /home/egor/OTUS/zfs_hw4
==> server: Running provisioner: Setup zfs (shell)...
    server: Running: script: Setup zfs
    server: CentOS Linux 8 - AppStream                      914 kB/s | 8.4 MB     00:09
    server: CentOS Linux 8 - BaseOS                         1.0 MB/s | 4.6 MB     00:04
    server: CentOS Linux 8 - Extras                         5.2 kB/s |  10 kB     00:01
    server: Package yum-utils-4.0.21-3.el8.noarch is already installed.
    server: Dependencies resolved.
    server: Nothing to do.
    server: Complete!
    server: Last metadata expiration check: 0:00:02 ago on Sun 13 Feb 2022 10:26:07 AM UTC.
    server: zfs-release.el8_5.noarch.rpm                     23 kB/s | 9.7 kB     00:00
    server: Dependencies resolved.
    server: ================================================================================
    server:  Package             Architecture   Version          Repository            Size
    server: ================================================================================
    server: Installing:
    server:  zfs-release         noarch         1-8.5            @commandline         9.7 k
    server: 
    server: Transaction Summary
    server: ================================================================================
    server: Install  1 Package
    server: 
    server: Total size: 9.7 k
    server: Installed size: 2.9 k
    server: Downloading Packages:
    server: Running transaction check
    server: Transaction check succeeded.
    server: Running transaction test
    server: Transaction test succeeded.
    server: Running transaction
    server:   Preparing        :                                                        1/1
    server:   Installing       : zfs-release-1-8.5.noarch                               1/1
    server:   Running scriptlet: zfs-release-1-8.5.noarch                               1/1
    server: error: can't create transaction lock on /var/lib/rpm/.rpm.lock (Resource temporarily unavailable)
    server: error: /etc/pki/rpm-gpg/RPM-GPG-KEY-zfsonlinux: key 1 import failed.
    server: warning: %post(zfs-release-1-8.5.noarch) scriptlet failed, exit status 1
    server: 
    server: Error in POSTIN scriptlet in rpm package zfs-release
    server:   Verifying        : zfs-release-1-8.5.noarch                               1/1
    server: 
    server: Installed:
    server:   zfs-release-1-8.5.noarch
    server: 
    server: Complete!
    server: ZFS on Linux for EL8 - kmod                      36 kB/s | 105 kB     00:02
    server: Dependencies resolved.
    server: ================================================================================
    server:  Package            Arch   Version                              Repo       Size
    server: ================================================================================
    server: Installing:
    server:  zfs                x86_64 2.0.7-1.el8                          zfs-kmod  625 k
    server: Installing dependencies:
    server:  kmod-zfs           x86_64 2.0.7-1.el8                          zfs-kmod  1.5 M
    server:  libnvpair3         x86_64 2.0.7-1.el8                          zfs-kmod   37 k
    server:  libuutil3          x86_64 2.0.7-1.el8                          zfs-kmod   31 k
    server:  libzfs4            x86_64 2.0.7-1.el8                          zfs-kmod  227 k
    server:  libzpool4          x86_64 2.0.7-1.el8                          zfs-kmod  1.3 M
    server:  lm_sensors-libs    x86_64 3.4.0-23.20180522git70f7e08.el8      baseos     59 k
    server:  python3-pip        noarch 9.0.3-20.el8                         appstream  20 k
    server:  python3-setuptools noarch 39.2.0-6.el8                         baseos    163 k
    server:  python36           x86_64 3.6.8-38.module_el8.5.0+895+a459eca8 appstream  19 k
    server:  sysstat            x86_64 11.7.3-6.el8                         appstream 425 k
    server: Enabling module streams:
    server:  python36                  3.6
    server: 
    server: Transaction Summary
    server: ================================================================================
    server: Install  11 Packages
    server: 
    server: Total download size: 4.3 M
    server: Installed size: 16 M
    server: Downloading Packages:
    server: (1/11): python36-3.6.8-38.module_el8.5.0+895+a4  18 kB/s |  19 kB     00:01
    server: (2/11): python3-pip-9.0.3-20.el8.noarch.rpm      18 kB/s |  20 kB     00:01
    server: (3/11): lm_sensors-libs-3.4.0-23.20180522git70f 142 kB/s |  59 kB     00:00
    server: (4/11): sysstat-11.7.3-6.el8.x86_64.rpm         268 kB/s | 425 kB     00:01
    server: (5/11): python3-setuptools-39.2.0-6.el8.noarch. 299 kB/s | 163 kB     00:00
    server: (6/11): libuutil3-2.0.7-1.el8.x86_64.rpm         26 kB/s |  31 kB     00:01
    server: (7/11): libnvpair3-2.0.7-1.el8.x86_64.rpm        24 kB/s |  37 kB     00:01
    server: (8/11): kmod-zfs-2.0.7-1.el8.x86_64.rpm         285 kB/s | 1.5 MB     00:05
    server: (9/11): zfs-2.0.7-1.el8.x86_64.rpm              413 kB/s | 625 kB     00:01
    server: (10/11): libzfs4-2.0.7-1.el8.x86_64.rpm          40 kB/s | 227 kB     00:05
    server: (11/11): libzpool4-2.0.7-1.el8.x86_64.rpm       171 kB/s | 1.3 MB     00:07
    server: --------------------------------------------------------------------------------
    server: Total                                           413 kB/s | 4.3 MB     00:10
    server: Running transaction check
    server: Transaction check succeeded.
    server: Running transaction test
    server: Transaction test succeeded.
    server: Running transaction
    server:   Preparing        :                                                        1/1
    server:   Installing       : libnvpair3-2.0.7-1.el8.x86_64                         1/11
    server:   Running scriptlet: libnvpair3-2.0.7-1.el8.x86_64                         1/11
    server:   Installing       : libuutil3-2.0.7-1.el8.x86_64                          2/11
    server:   Running scriptlet: libuutil3-2.0.7-1.el8.x86_64                          2/11
    server:   Installing       : libzfs4-2.0.7-1.el8.x86_64                            3/11
    server:   Running scriptlet: libzfs4-2.0.7-1.el8.x86_64                            3/11
    server:   Installing       : libzpool4-2.0.7-1.el8.x86_64                          4/11
    server:   Running scriptlet: libzpool4-2.0.7-1.el8.x86_64                          4/11
    server:   Installing       : kmod-zfs-2.0.7-1.el8.x86_64                           5/11
    server:   Running scriptlet: kmod-zfs-2.0.7-1.el8.x86_64                           5/11
    server:   Installing       : python3-setuptools-39.2.0-6.el8.noarch                6/11
    server:   Installing       : python36-3.6.8-38.module_el8.5.0+895+a459eca8.x86_    7/11
    server:   Running scriptlet: python36-3.6.8-38.module_el8.5.0+895+a459eca8.x86_    7/11
    server:   Installing       : python3-pip-9.0.3-20.el8.noarch                       8/11
    server:   Installing       : lm_sensors-libs-3.4.0-23.20180522git70f7e08.el8.x8    9/11
    server:   Running scriptlet: lm_sensors-libs-3.4.0-23.20180522git70f7e08.el8.x8    9/11
    server:   Installing       : sysstat-11.7.3-6.el8.x86_64                          10/11
    server:   Running scriptlet: sysstat-11.7.3-6.el8.x86_64                          10/11
    server:   Installing       : zfs-2.0.7-1.el8.x86_64                               11/11
    server:   Running scriptlet: zfs-2.0.7-1.el8.x86_64                               11/11
    server:   Verifying        : python3-pip-9.0.3-20.el8.noarch                       1/11
    server:   Verifying        : python36-3.6.8-38.module_el8.5.0+895+a459eca8.x86_    2/11
    server:   Verifying        : sysstat-11.7.3-6.el8.x86_64                           3/11
    server:   Verifying        : lm_sensors-libs-3.4.0-23.20180522git70f7e08.el8.x8    4/11
    server:   Verifying        : python3-setuptools-39.2.0-6.el8.noarch                5/11
    server:   Verifying        : kmod-zfs-2.0.7-1.el8.x86_64                           6/11
    server:   Verifying        : libnvpair3-2.0.7-1.el8.x86_64                         7/11
    server:   Verifying        : libuutil3-2.0.7-1.el8.x86_64                          8/11
    server:   Verifying        : libzfs4-2.0.7-1.el8.x86_64                            9/11
    server:   Verifying        : libzpool4-2.0.7-1.el8.x86_64                         10/11
    server:   Verifying        : zfs-2.0.7-1.el8.x86_64                               11/11
    server: 
    server: Installed:
    server:   kmod-zfs-2.0.7-1.el8.x86_64
    server:   libnvpair3-2.0.7-1.el8.x86_64
    server:   libuutil3-2.0.7-1.el8.x86_64
    server:   libzfs4-2.0.7-1.el8.x86_64
    server:   libzpool4-2.0.7-1.el8.x86_64
    server:   lm_sensors-libs-3.4.0-23.20180522git70f7e08.el8.x86_64
    server:   python3-pip-9.0.3-20.el8.noarch
    server:   python3-setuptools-39.2.0-6.el8.noarch
    server:   python36-3.6.8-38.module_el8.5.0+895+a459eca8.x86_64
    server:   sysstat-11.7.3-6.el8.x86_64
    server:   zfs-2.0.7-1.el8.x86_64
    server: 
    server: Complete!
    server:   % Total    % Received % Xferd  Average Speed   Time    Time     Time  Current
    server:                                  Dload  Upload   Total   Spent    Left  Speed
100 11305  100 11305    0     0  22977      0 --:--:-- --:--:-- --:--:-- 22977
egor@acer:~/OTUS/zfs_hw4$ vagrant ssh server

This system is built by the Bento project by Chef Software
More information can be found at https://github.com/chef/bento
[vagrant@server ~]$ lsblk
NAME   MAJ:MIN RM  SIZE RO TYPE MOUNTPOINT
sda      8:0    0   64G  0 disk 
|-sda1   8:1    0  2.1G  0 part [SWAP]
`-sda2   8:2    0 61.9G  0 part /
sdb      8:16   0    1G  0 disk 
sdc      8:32   0    1G  0 disk 
sdd      8:48   0    1G  0 disk 
sde      8:64   0    1G  0 disk 
sdf      8:80   0    1G  0 disk 
sdg      8:96   0    1G  0 disk 
sdh      8:112  0    1G  0 disk 
sdi      8:128  0    1G  0 disk 
[vagrant@server ~]$ sudo -i
[root@server ~]# zpool create otus1 mirror /dev/sdb /dev/sdc
[root@server ~]# lsblk
NAME   MAJ:MIN RM  SIZE RO TYPE MOUNTPOINT
sda      8:0    0   64G  0 disk 
|-sda1   8:1    0  2.1G  0 part [SWAP]
`-sda2   8:2    0 61.9G  0 part /
sdb      8:16   0    1G  0 disk 
|-sdb1   8:17   0 1014M  0 part 
`-sdb9   8:25   0    8M  0 part 
sdc      8:32   0    1G  0 disk 
|-sdc1   8:33   0 1014M  0 part 
`-sdc9   8:41   0    8M  0 part 
sdd      8:48   0    1G  0 disk 
sde      8:64   0    1G  0 disk 
sdf      8:80   0    1G  0 disk 
sdg      8:96   0    1G  0 disk 
sdh      8:112  0    1G  0 disk 
sdi      8:128  0    1G  0 disk 
[root@server ~]# zpool create otus2 mirror /dev/sdd /dev/sde
[root@server ~]# zpool create otus3 mirror /dev/sdf /dev/sdg
[root@server ~]# zpool create otus4 mirror /dev/sdh /dev/sdi
[root@server ~]# zpool list
NAME    SIZE  ALLOC   FREE  CKPOINT  EXPANDSZ   FRAG    CAP  DEDUP    HEALTH  ALTROOT
otus1   960M   100K   960M        -         -     0%     0%  1.00x    ONLINE  -
otus2   960M   105K   960M        -         -     0%     0%  1.00x    ONLINE  -
otus3   960M   105K   960M        -         -     0%     0%  1.00x    ONLINE  -
otus4   960M   126K   960M        -         -     0%     0%  1.00x    ONLINE  -
[root@server ~]# zpool status
  pool: otus1
 state: ONLINE
config:

	NAME        STATE     READ WRITE CKSUM
	otus1       ONLINE       0     0     0
	  mirror-0  ONLINE       0     0     0
	    sdb     ONLINE       0     0     0
	    sdc     ONLINE       0     0     0

errors: No known data errors

  pool: otus2
 state: ONLINE
config:

	NAME        STATE     READ WRITE CKSUM
	otus2       ONLINE       0     0     0
	  mirror-0  ONLINE       0     0     0
	    sdd     ONLINE       0     0     0
	    sde     ONLINE       0     0     0

errors: No known data errors

  pool: otus3
 state: ONLINE
config:

	NAME        STATE     READ WRITE CKSUM
	otus3       ONLINE       0     0     0
	  mirror-0  ONLINE       0     0     0
	    sdf     ONLINE       0     0     0
	    sdg     ONLINE       0     0     0

errors: No known data errors

  pool: otus4
 state: ONLINE
config:

	NAME        STATE     READ WRITE CKSUM
	otus4       ONLINE       0     0     0
	  mirror-0  ONLINE       0     0     0
	    sdh     ONLINE       0     0     0
	    sdi     ONLINE       0     0     0

errors: No known data errors
[root@server ~]# zfs set compression=lzjb otus1
[root@server ~]# zfs set compression=lz4 otus2
[root@server ~]# zfs set compression=gzip-9 otus3
[root@server ~]# zfs set compression=zle otus4
[root@server ~]# zfs get all | grep compression
otus1  compression           lzjb                   local
otus2  compression           lz4                    local
otus3  compression           gzip-9                 local
otus4  compression           zle                    local
[root@server ~]# for i in {1..4}; do wget -P /otus$i https://gutenberg.org/cache/epub/2600/pg2600.converter.log; done
--2022-02-13 10:51:44--  https://gutenberg.org/cache/epub/2600/pg2600.converter.log
Resolving gutenberg.org (gutenberg.org)... 152.19.134.47
Connecting to gutenberg.org (gutenberg.org)|152.19.134.47|:443... connected.
HTTP request sent, awaiting response... 200 OK
Length: 40784369 (39M) [text/plain]
Saving to: '/otus1/pg2600.converter.log'

pg2600.converter.log                                100%[=================================================================================================================>]  38.89M  1.89MB/s    in 28s     

2022-02-13 10:52:13 (1.40 MB/s) - '/otus1/pg2600.converter.log' saved [40784369/40784369]

--2022-02-13 10:52:13--  https://gutenberg.org/cache/epub/2600/pg2600.converter.log
Resolving gutenberg.org (gutenberg.org)... 152.19.134.47
Connecting to gutenberg.org (gutenberg.org)|152.19.134.47|:443... connected.
HTTP request sent, awaiting response... 200 OK
Length: 40784369 (39M) [text/plain]
Saving to: '/otus2/pg2600.converter.log'

pg2600.converter.log                                100%[=================================================================================================================>]  38.89M  2.49MB/s    in 54s     

2022-02-13 10:53:08 (737 KB/s) - '/otus2/pg2600.converter.log' saved [40784369/40784369]

--2022-02-13 10:53:08--  https://gutenberg.org/cache/epub/2600/pg2600.converter.log
Resolving gutenberg.org (gutenberg.org)... 152.19.134.47
Connecting to gutenberg.org (gutenberg.org)|152.19.134.47|:443... connected.
HTTP request sent, awaiting response... 200 OK
Length: 40784369 (39M) [text/plain]
Saving to: '/otus3/pg2600.converter.log'

pg2600.converter.log                                100%[=================================================================================================================>]  38.89M  4.41MB/s    in 28s     

2022-02-13 10:53:37 (1.39 MB/s) - '/otus3/pg2600.converter.log' saved [40784369/40784369]

--2022-02-13 10:53:37--  https://gutenberg.org/cache/epub/2600/pg2600.converter.log
Resolving gutenberg.org (gutenberg.org)... 152.19.134.47
Connecting to gutenberg.org (gutenberg.org)|152.19.134.47|:443... connected.
HTTP request sent, awaiting response... 200 OK
Length: 40784369 (39M) [text/plain]
Saving to: '/otus4/pg2600.converter.log'

pg2600.converter.log                                100%[=================================================================================================================>]  38.89M  5.88MB/s    in 21s     

2022-02-13 10:53:59 (1.85 MB/s) - '/otus4/pg2600.converter.log' saved [40784369/40784369]

[root@server ~]# ls -l /otus*
/otus1:
total 22015
-rw-r--r--. 1 root root 40784369 Feb  2 09:01 pg2600.converter.log

/otus2:
total 17970
-rw-r--r--. 1 root root 40784369 Feb  2 09:01 pg2600.converter.log

/otus3:
total 10948
-rw-r--r--. 1 root root 40784369 Feb  2 09:01 pg2600.converter.log

/otus4:
total 39856
-rw-r--r--. 1 root root 40784369 Feb  2 09:01 pg2600.converter.log
[root@server ~]# zfs list
NAME    USED  AVAIL     REFER  MOUNTPOINT
otus1  21.6M   810M     21.5M  /otus1
otus2  17.7M   814M     17.6M  /otus2
otus3  10.8M   821M     10.7M  /otus3
otus4  39.1M   793M     38.9M  /otus4
[root@server ~]# zfs get all | grep compressratio | grep -v ref
otus1  compressratio         1.81x                  -
otus2  compressratio         2.22x                  -
otus3  compressratio         3.64x                  -
otus4  compressratio         1.00x                  -
[root@server ~]# wget -O archive.tar.gz --no-check-certificate ‘https://drive.google.com/u/0/uc?id=1KRBNW33QWqbvbVHa3hLJivOAt60yukkg&export=download’
[1] 17806
[root@server ~]# 
Redirecting output to 'wget-log'.

[1]+  Exit 1                  wget -O archive.tar.gz --no-check-certificate ‘https://drive.google.com/u/0/uc?id=1KRBNW33QWqbvbVHa3hLJivOAt60yukkg
[root@server ~]# 
[root@server ~]# ls -a
.  ..  .bash_logout  .bash_profile  .bashrc  .cshrc  .tcshrc  archive.tar.gz  wget-log
[root@server ~]# tar -xzvf archive.tar.gz

gzip: stdin: unexpected end of file
tar: Child returned status 1
tar: Error is not recoverable: exiting now
[root@server ~]# rm archive.tar.gz 
rm: remove regular empty file 'archive.tar.gz'? y
[root@server ~]# wget archive.tar.gz --no-check-certificate ‘https://drive.google.com/u/0/uc?id=1KRBNW33QWqbvbVHa3hLJivOAt60yukkg&export=download’
[1] 17811
[root@server ~]# 
Redirecting output to 'wget-log.1'.
^C
[1]+  Exit 4                  wget archive.tar.gz --no-check-certificate ‘https://drive.google.com/u/0/uc?id=1KRBNW33QWqbvbVHa3hLJivOAt60yukkg
[root@server ~]# wget -O archive.tar.gz --no-check-certificate ‘https://drive.google.com/u/0/uc?id=1KRBNW33QWqbvbVHa3hLJivOAt60yukkg&export=download’
[1] 17867
[root@server ~]# 
Redirecting output to 'wget-log.2'.
^C
[1]+  Exit 1                  wget -O archive.tar.gz --no-check-certificate ‘https://drive.google.com/u/0/uc?id=1KRBNW33QWqbvbVHa3hLJivOAt60yukkg
[root@server ~]# rm archive.tar.gz 
rm: remove regular empty file 'archive.tar.gz'? y
[root@server ~]# wget -O archive.tar.gz --no-check-certificate 'https://drive.google.com/u/0/uc?id=1KRBNW33QWqbvbVHa3hLJivOAt60yukkg&export=download'
--2022-02-13 11:31:45--  https://drive.google.com/u/0/uc?id=1KRBNW33QWqbvbVHa3hLJivOAt60yukkg&export=download
Resolving drive.google.com (drive.google.com)... 142.251.1.194
Connecting to drive.google.com (drive.google.com)|142.251.1.194|:443... connected.
HTTP request sent, awaiting response... 302 Moved Temporarily
Location: https://doc-0c-bo-docs.googleusercontent.com/docs/securesc/ha0ro937gcuc7l7deffksulhg5h7mbp1/2nd95b2o6qpv2a9j8a5324j4qgo1kgeh/1644751875000/16189157874053420687/*/1KRBNW33QWqbvbVHa3hLJivOAt60yukkg?e=download [following]
Warning: wildcards not supported in HTTP.
--2022-02-13 11:31:49--  https://doc-0c-bo-docs.googleusercontent.com/docs/securesc/ha0ro937gcuc7l7deffksulhg5h7mbp1/2nd95b2o6qpv2a9j8a5324j4qgo1kgeh/1644751875000/16189157874053420687/*/1KRBNW33QWqbvbVHa3hLJivOAt60yukkg?e=download
Resolving doc-0c-bo-docs.googleusercontent.com (doc-0c-bo-docs.googleusercontent.com)... 64.233.165.132
Connecting to doc-0c-bo-docs.googleusercontent.com (doc-0c-bo-docs.googleusercontent.com)|64.233.165.132|:443... connected.
HTTP request sent, awaiting response... 200 OK
Length: 7275140 (6.9M) [application/x-gzip]
Saving to: 'archive.tar.gz'

archive.tar.gz                                      100%[=================================================================================================================>]   6.94M  6.75MB/s    in 1.0s    

2022-02-13 11:31:51 (6.75 MB/s) - 'archive.tar.gz' saved [7275140/7275140]

[root@server ~]# tar -xzvf archive.tar.gz
zpoolexport/
zpoolexport/filea
zpoolexport/fileb
[root@server ~]# zpool import -d zpoolexport/
   pool: otus
     id: 6554193320433390805
  state: ONLINE
status: Some supported features are not enabled on the pool.
 action: The pool can be imported using its name or numeric identifier, though
	some features will not be available without an explicit 'zpool upgrade'.
 config:

	otus                         ONLINE
	  mirror-0                   ONLINE
	    /root/zpoolexport/filea  ONLINE
	    /root/zpoolexport/fileb  ONLINE
[root@server ~]# zpool import -d zpoolexport/ otus
[root@server ~]# zpool status
  pool: otus
 state: ONLINE
status: Some supported features are not enabled on the pool. The pool can
	still be used, but some features are unavailable.
action: Enable all features using 'zpool upgrade'. Once this is done,
	the pool may no longer be accessible by software that does not support
	the features. See zpool-features(5) for details.
config:

	NAME                         STATE     READ WRITE CKSUM
	otus                         ONLINE       0     0     0
	  mirror-0                   ONLINE       0     0     0
	    /root/zpoolexport/filea  ONLINE       0     0     0
	    /root/zpoolexport/fileb  ONLINE       0     0     0

errors: No known data errors

  pool: otus1
 state: ONLINE
config:

	NAME        STATE     READ WRITE CKSUM
	otus1       ONLINE       0     0     0
	  mirror-0  ONLINE       0     0     0
	    sdb     ONLINE       0     0     0
	    sdc     ONLINE       0     0     0

errors: No known data errors

  pool: otus2
 state: ONLINE
config:

	NAME        STATE     READ WRITE CKSUM
	otus2       ONLINE       0     0     0
	  mirror-0  ONLINE       0     0     0
	    sdd     ONLINE       0     0     0
	    sde     ONLINE       0     0     0

errors: No known data errors

  pool: otus3
 state: ONLINE
config:

	NAME        STATE     READ WRITE CKSUM
	otus3       ONLINE       0     0     0
	  mirror-0  ONLINE       0     0     0
	    sdf     ONLINE       0     0     0
	    sdg     ONLINE       0     0     0

errors: No known data errors

  pool: otus4
 state: ONLINE
config:

	NAME        STATE     READ WRITE CKSUM
	otus4       ONLINE       0     0     0
	  mirror-0  ONLINE       0     0     0
	    sdh     ONLINE       0     0     0
	    sdi     ONLINE       0     0     0

errors: No known data errors
[root@server ~]# zpool get all otus
NAME  PROPERTY                       VALUE                          SOURCE
otus  size                           480M                           -
otus  capacity                       0%                             -
otus  altroot                        -                              default
otus  health                         ONLINE                         -
otus  guid                           6554193320433390805            -
otus  version                        -                              default
otus  bootfs                         -                              default
otus  delegation                     on                             default
otus  autoreplace                    off                            default
otus  cachefile                      -                              default
otus  failmode                       wait                           default
otus  listsnapshots                  off                            default
otus  autoexpand                     off                            default
otus  dedupratio                     1.00x                          -
otus  free                           478M                           -
otus  allocated                      2.09M                          -
otus  readonly                       off                            -
otus  ashift                         0                              default
otus  comment                        -                              default
otus  expandsize                     -                              -
otus  freeing                        0                              -
otus  fragmentation                  0%                             -
otus  leaked                         0                              -
otus  multihost                      off                            default
otus  checkpoint                     -                              -
otus  load_guid                      18026455851175882435           -
otus  autotrim                       off                            default
otus  feature@async_destroy          enabled                        local
otus  feature@empty_bpobj            active                         local
otus  feature@lz4_compress           active                         local
otus  feature@multi_vdev_crash_dump  enabled                        local
otus  feature@spacemap_histogram     active                         local
otus  feature@enabled_txg            active                         local
otus  feature@hole_birth             active                         local
otus  feature@extensible_dataset     active                         local
otus  feature@embedded_data          active                         local
otus  feature@bookmarks              enabled                        local
otus  feature@filesystem_limits      enabled                        local
otus  feature@large_blocks           enabled                        local
otus  feature@large_dnode            enabled                        local
otus  feature@sha512                 enabled                        local
otus  feature@skein                  enabled                        local
otus  feature@edonr                  enabled                        local
otus  feature@userobj_accounting     active                         local
otus  feature@encryption             enabled                        local
otus  feature@project_quota          active                         local
otus  feature@device_removal         enabled                        local
otus  feature@obsolete_counts        enabled                        local
otus  feature@zpool_checkpoint       enabled                        local
otus  feature@spacemap_v2            active                         local
otus  feature@allocation_classes     enabled                        local
otus  feature@resilver_defer         enabled                        local
otus  feature@bookmark_v2            enabled                        local
otus  feature@redaction_bookmarks    disabled                       local
otus  feature@redacted_datasets      disabled                       local
otus  feature@bookmark_written       disabled                       local
otus  feature@log_spacemap           disabled                       local
otus  feature@livelist               disabled                       local
otus  feature@device_rebuild         disabled                       local
otus  feature@zstd_compress          disabled                       local
[root@server ~]# zfs get available otus
NAME  PROPERTY   VALUE  SOURCE
otus  available  350M   -
[root@server ~]# zfs get readonly otus
NAME  PROPERTY  VALUE   SOURCE
otus  readonly  off     default
[root@server ~]#  wget -O otus_task2.file --no-check-certificate 'https://drive.google.com/u/0/uc?id=1gH8gCL9y7Nd5Ti3IRmplZPF1XjzxeRAG&export=download'
--2022-02-13 11:37:34--  https://drive.google.com/u/0/uc?id=1gH8gCL9y7Nd5Ti3IRmplZPF1XjzxeRAG&export=download
Resolving drive.google.com (drive.google.com)... 142.251.1.194
Connecting to drive.google.com (drive.google.com)|142.251.1.194|:443... connected.
HTTP request sent, awaiting response... 302 Found
Location: https://drive.google.com/uc?id=1gH8gCL9y7Nd5Ti3IRmplZPF1XjzxeRAG&export=download [following]
--2022-02-13 11:37:34--  https://drive.google.com/uc?id=1gH8gCL9y7Nd5Ti3IRmplZPF1XjzxeRAG&export=download
Reusing existing connection to drive.google.com:443.
HTTP request sent, awaiting response... 302 Moved Temporarily
Location: https://doc-00-bo-docs.googleusercontent.com/docs/securesc/ha0ro937gcuc7l7deffksulhg5h7mbp1/3df7qecpnjpefju7r5m7rcvkpdj10d91/1644752250000/16189157874053420687/*/1gH8gCL9y7Nd5Ti3IRmplZPF1XjzxeRAG?e=download [following]
Warning: wildcards not supported in HTTP.
--2022-02-13 11:37:37--  https://doc-00-bo-docs.googleusercontent.com/docs/securesc/ha0ro937gcuc7l7deffksulhg5h7mbp1/3df7qecpnjpefju7r5m7rcvkpdj10d91/1644752250000/16189157874053420687/*/1gH8gCL9y7Nd5Ti3IRmplZPF1XjzxeRAG?e=download
Resolving doc-00-bo-docs.googleusercontent.com (doc-00-bo-docs.googleusercontent.com)... 64.233.165.132
Connecting to doc-00-bo-docs.googleusercontent.com (doc-00-bo-docs.googleusercontent.com)|64.233.165.132|:443... connected.
HTTP request sent, awaiting response... 200 OK
Length: 5432736 (5.2M) [application/octet-stream]
Saving to: 'otus_task2.file'

otus_task2.file                                     100%[=================================================================================================================>]   5.18M  5.97MB/s    in 0.9s    

2022-02-13 11:37:38 (5.97 MB/s) - 'otus_task2.file' saved [5432736/5432736]

[root@server ~]# zfs receive otus/test@today < otus_task2.file
[root@server ~]# find /otus/test -name "secret_message"
/otus/test/task1/file_mess/secret_message
[root@server ~]# cat /otus/test/task1/file_mess/secret_message
https://github.com/sindresorhus/awesome
[root@server ~]# 

